
> authentic-bazar@0.1.0 build
> prisma generate && next build

Environment variables loaded from .env
Prisma schema loaded from prisma\schema.prisma

??? Generated Prisma Client (v5.22.0) to .\node_modules\@prisma\client in 79ms

Start by importing your Prisma Client (See: https://pris.ly/d/importing-client)

Tip: Need your database queries to be 1000x faster? Accelerate offers you that and more: https://pris.ly/tip-2-accelerate

??? Next.js 16.1.6 (Turbopack)
- Environments: .env

  Creating an optimized production build ...
