
> authentic-bazar@0.1.0 build
> prisma generate && next build

Environment variables loaded from .env
Prisma schema loaded from prisma\schema.prisma

✔ Generated Prisma Client (v5.22.0) to .\node_modules\@prisma\client in 90ms

Start by importing your Prisma Client (See: https://pris.ly/d/importing-client)

Tip: Want to turn off tips and other hints? https://pris.ly/tip-4-nohints

▲ Next.js 16.1.6 (Turbopack)
- Environments: .env

⚠ The "middleware" file convention is deprecated. Please use "proxy" instead. Learn more: https://nextjs.org/docs/messages/middleware-to-proxy
  Creating an optimized production build ...

> Build error occurred
Error: Turbopack build failed with 1 errors:
./components/shop/ShopSidebar.jsx:6:1
Module not found: Can't resolve './ShopSidebar.module.css'
[0m [90m 4 |[39m [36mimport[39m { useRouter[33m,[39m useSearchParams } [36mfrom[39m [32m'next/navigation'[39m[33m;[39m
 [90m 5 |[39m [36mimport[39m { [33mX[39m[33m,[39m [33mChevronDown[39m[33m,[39m [33mChevronRight[39m[33m,[39m [33mCheck[39m } [36mfrom[39m [32m'lucide-react'[39m[33m;[39m
[31m[1m>[22m[39m[90m 6 |[39m [36mimport[39m styles [36mfrom[39m [32m'./ShopSidebar.module.css'[39m[33m;[39m [90m// We'll use Tailwind mostly, but can have a module if needed.[39m
 [90m   |[39m [31m[1m^[22m[39m[31m[1m^[22m[39m[31m[1m^[22m[39m[31m[1m^[22m[39m[31m[1m^[22m[39m[31m[1m^[22m[39m[31m[1m^[22m[39m[31m[1m^[22m[39m[31m[1m^[22m[39m[31m[1m^[22m[39m[31m[1m^[22m[39m[31m[1m^[22m[39m[31m[1m^[22m[39m[31m[1m^[22m[39m[31m[1m^[22m[39m[31m[1m^[22m[39m[31m[1m^[22m[39m[31m[1m^[22m[39m[31m[1m^[22m[39m[31m[1m^[22m[39m[31m[1m^[22m[39m[31m[1m^[22m[39m[31m[1m^[22m[39m[31m[1m^[22m[39m[31m[1m^[22m[39m[31m[1m^[22m[39m[31m[1m^[22m[39m[31m[1m^[22m[39m[31m[1m^[22m[39m[31m[1m^[22m[39m[31m[1m^[22m[39m[31m[1m^[22m[39m[31m[1m^[22m[39m[31m[1m^[22m[39m[31m[1m^[22m[39m[31m[1m^[22m[39m[31m[1m^[22m[39m[31m[1m^[22m[39m[31m[1m^[22m[39m[31m[1m^[22m[39m[31m[1m^[22m[39m[31m[1m^[22m[39m[31m[1m^[22m[39m[31m[1m^[22m[39m[31m[1m^[22m[39m[31m[1m^[22m[39m
 [90m 7 |[39m
 [90m 8 |[39m [36mexport[39m [36mdefault[39m [36mfunction[39m [33mShopSidebar[39m({
 [90m 9 |[39m     categories [33m=[39m [][33m,[39m[0m



Import traces:
  Client Component Browser:
    ./components/shop/ShopSidebar.jsx [Client Component Browser]
    ./app/shop/ShopClient.jsx [Client Component Browser]
    ./app/shop/ShopClient.jsx [Server Component]
    ./app/shop/page.js [Server Component]

  Client Component SSR:
    ./components/shop/ShopSidebar.jsx [Client Component SSR]
    ./app/shop/ShopClient.jsx [Client Component SSR]
    ./app/shop/ShopClient.jsx [Server Component]
    ./app/shop/page.js [Server Component]

https://nextjs.org/docs/messages/module-not-found


    at <unknown> (./components/shop/ShopSidebar.jsx:6:1)
    at <unknown> (https://nextjs.org/docs/messages/module-not-found)
